// Jest Snapshot v1, https://goo.gl/fbAQLP

exports[`<App /> renders a snapshot 1`] = `<main />`;
