// Jest Snapshot v1, https://goo.gl/fbAQLP

exports[`<Button /> renders a snapshot 1`] = `
<button
  className="btn"
  type="button"
>
  Testing
</button>
`;
